2025-11-17 06:14:17,035 - Knowledge - INFO - Created shared MongoDB connection pool
2025-11-17 06:14:17,332 - Knowledge - INFO - Starting Knowledge Graph processing with 20 threads
2025-11-17 06:14:17,524 - Knowledge - INFO - Initial configuration: chunk_size=65536, max_cache_size=500
2025-11-17 06:14:17,698 - Knowledge - INFO - Knowledge Graph concurrency configuration: workers=20, max_batch_size=25, max_concurrent_llm_calls=50
2025-11-17 06:14:19,971 - Knowledge - INFO - 🔍 _load_persisted_knowledge called - checking for Redis optimization
2025-11-17 06:14:20,134 - Knowledge - WARNING - ❌ load_from_redis method not found - Redis support not attached
2025-11-17 06:14:20,280 - Knowledge - INFO - load persisted knowledge: begin
2025-11-17 06:14:21,264 - Knowledge - INFO - Loaded 0 files from persisted knowledge
2025-11-17 06:14:21,924 - Knowledge - INFO - load persisted knowledge: end
2025-11-17 06:14:22,117 - Knowledge - WARNING - No persisted knowledge found. Files will be queued during start()
2025-11-17 06:14:22,286 - Knowledge - INFO - Redis support added with prefix knowledge:b593432:
2025-11-17 06:14:23,444 - Knowledge - INFO - Starting knowledge initialization for ID: 0kmcR7-b593432
2025-11-17 06:14:23,680 - Knowledge - INFO - 🔍 Checking Redis for build_id: b593432
2025-11-17 06:14:23,851 - Knowledge - INFO - 🔍 Full session ID: 0kmcR7-b593432
2025-11-17 06:14:24,036 - Knowledge - INFO - 🔍 Redis prefix will be: knowledge:b593432:
2025-11-17 06:14:24,176 - Knowledge - INFO - 🔍 Using attached load_from_redis() method
2025-11-17 06:14:24,367 - Knowledge - INFO - 🔍 Attempting to load knowledge from Redis...
2025-11-17 06:14:24,529 - Knowledge - INFO - 🔍 Using derived instance_id for Redis lookup: b593432
2025-11-17 06:14:30,201 - Knowledge - WARNING - ❌ No Redis cache found
2025-11-17 06:14:35,341 - Knowledge - INFO - 📁 Loading knowledge from disk...
2025-11-17 06:14:36,479 - Knowledge - INFO - load persisted docinfo: begin
2025-11-17 06:14:36,705 - Knowledge - INFO - load persisted docinfo: end
2025-11-17 06:14:36,884 - Knowledge - INFO - 🔍 _load_persisted_knowledge called - checking for Redis optimization
2025-11-17 06:14:37,072 - Knowledge - INFO - ✅ load_from_redis method found - attempting Redis load
2025-11-17 06:14:37,225 - Knowledge - INFO - 🔍 Attempting to load knowledge from Redis...
2025-11-17 06:14:37,402 - Knowledge - INFO - 🔍 Using derived instance_id for Redis lookup: b593432
2025-11-17 06:14:41,194 - Knowledge - WARNING - ❌ No Redis cache found
2025-11-17 06:14:41,354 - Knowledge - INFO - ❌ Redis load returned False - falling back to file loading
2025-11-17 06:14:41,528 - Knowledge - INFO - load persisted knowledge: begin
2025-11-17 06:14:41,668 - Knowledge - INFO - Loaded 0 files from persisted knowledge
2025-11-17 06:14:41,816 - Knowledge - INFO - load persisted knowledge: end
2025-11-17 06:14:41,991 - Knowledge - INFO - 📁 Disk load complete in 6.49s
2025-11-17 06:14:42,154 - Knowledge - INFO - Populating ingest queue with source files...
2025-11-17 06:14:42,300 - Knowledge - INFO - Added 0 files from /app/data/tataelxsimockapisolutions5451/52/b593432/AI-02-52 to ingest queue
2025-11-17 06:14:42,445 - Knowledge - INFO - Worker kw1 created using shared MongoDB connection pool
2025-11-17 06:14:42,613 - Knowledge - INFO - knowledge worker kw1 start
2025-11-17 06:14:42,623 - Knowledge - INFO - Saving knowledge to Redis...
2025-11-17 06:14:42,927 - Knowledge - INFO - Knowledge saved to Redis successfully
